[webinar.smartenwave.com/mmc/index.html]
[backblue.gif]
[fade.gif]
[index.html]
[webinar.smartenwave.com/wp-content/plugins/thrive-visual-editor/landing-page/templates/css/basef2a0.css]
[c0.wp.com/c/5.7.1/wp-includes/css/dist/block-library/style.min.css]
[c0.wp.com/c/5.7.1/wp-includes/css/dist/block-library/theme.min.css]
[webinar.smartenwave.com/wp-content/plugins/salert/assets/backend/css/animateda20.css]
[webinar.smartenwave.com/wp-content/plugins/salert/assets/frontend/css/stylea78f.css]
[webinar.smartenwave.com/wp-content/plugins/thrive-visual-editor/editor/css/thrive_flatf2a0.css]
[webinar.smartenwave.com/wp-content/themes/twentytwentyone/style4e44.css]
[webinar.smartenwave.com/wp-content/themes/twentytwentyone/assets/css/print4e44.css]
[c0.wp.com/p/jetpack/9.6.1/modules/theme-tools/compat/twentytwentyone.css]
[c0.wp.com/p/jetpack/9.6.1/css/jetpack.css]
[c0.wp.com/c/5.7.1/wp-includes/js/jquery/jquery.min.js]
[c0.wp.com/c/5.7.1/wp-includes/js/jquery/jquery-migrate.min.js]
[webinar.smartenwave.com/wp-content/plugins/salert/assets/frontend/js/mainda20.js]
[i1.wp.com/webinar.smartenwave.com/wp-content/uploads/2021/04/cropped-basee43b.jpg]
[i1.wp.com/webinar.smartenwave.com/wp-content/uploads/2021/04/cropped-base98d8.jpg]
[i1.wp.com/webinar.smartenwave.com/wp-content/uploads/2021/04/cropped-basef9b5.jpg]
[webinar.smartenwave.com/wp-content/uploads/2021/04/base-300x200-10.jpg]
[webinar.smartenwave.com/wp-content/uploads/2021/04/2020-Range-Rover-Evoque-300x173-10.png]
[webinar.smartenwave.com/wp-content/uploads/2021/04/serene-video-shadow-9.png]
[c0.wp.com/p/jetpack/9.6.1/_inc/build/photon/photon.min.js]
[c0.wp.com/c/5.7.1/wp-includes/js/imagesloaded.min.js]
[c0.wp.com/c/5.7.1/wp-includes/js/masonry.min.js]
[c0.wp.com/c/5.7.1/wp-includes/js/jquery/jquery.masonry.min.js]
[webinar.smartenwave.com/wp-content/plugins/thrive-visual-editor/editor/js/dist/frontend.minf2a0.js]
[webinar.smartenwave.com/wp-content/themes/twentytwentyone/assets/js/polyfills4e44.js]
[webinar.smartenwave.com/wp-content/themes/twentytwentyone/assets/js/responsive-embeds4e44.js]
[webinar.smartenwave.com/wp-content/plugins/thrive-visual-editor/thrive-dashboard/js/dist/frontend.min0605.js]
[c0.wp.com/c/5.7.1/wp-includes/js/wp-embed.min.js]
[webinar.smartenwave.com/mmc/index.html]
[webinar.smartenwave.com/wp-content/plugins/thrive-visual-editor/landing-page/templates/css/basef2a0.css]
[c0.wp.com/c/5.7.1/wp-includes/css/dist/block-library/style.min.css]
[c0.wp.com/c/5.7.1/wp-includes/css/dist/block-library/theme.min.css]
[webinar.smartenwave.com/wp-content/plugins/salert/assets/backend/css/animateda20.css]
[webinar.smartenwave.com/wp-content/plugins/salert/assets/frontend/css/stylea78f.css]
[stats.wp.com/e-202118.js]
[webinar.smartenwave.com/wp-content/plugins/thrive-visual-editor/editor/css/fonts/thrvicomoon/icomoonf2e9.eot]
[webinar.smartenwave.com/wp-content/plugins/thrive-visual-editor/editor/css/fonts/thrvicomoon/icomoond41d.eot]
[webinar.smartenwave.com/wp-content/plugins/thrive-visual-editor/editor/css/fonts/thrvicomoon/icomoonf2e9.ttf]
[webinar.smartenwave.com/wp-content/plugins/thrive-visual-editor/editor/css/fonts/thrvicomoon/icomoonf2e9.woff]
[webinar.smartenwave.com/wp-content/plugins/thrive-visual-editor/editor/css/fonts/thrvicomoon/icomoonf2e9.svg]
[webinar.smartenwave.com/wp-content/plugins/thrive-visual-editor/editor/css/images/toggle_closed_hover.png]
[webinar.smartenwave.com/wp-content/plugins/thrive-visual-editor/editor/css/images/toggle_open.png]
[webinar.smartenwave.com/wp-content/plugins/thrive-visual-editor/editor/css/images/toggle_closed.png]
[webinar.smartenwave.com/wp-content/plugins/thrive-visual-editor/editor/css/images/cc_amex.png]
[webinar.smartenwave.com/wp-content/plugins/thrive-visual-editor/editor/css/images/cc_discover.png]
[webinar.smartenwave.com/wp-content/plugins/thrive-visual-editor/editor/css/images/cc_mc.png]
[webinar.smartenwave.com/wp-content/plugins/thrive-visual-editor/editor/css/images/cc_paypal.png]
[webinar.smartenwave.com/wp-content/plugins/thrive-visual-editor/editor/css/images/cc_visa.png]
[webinar.smartenwave.com/wp-content/plugins/thrive-visual-editor/editor/css/images/loader_transparent.gif]
[webinar.smartenwave.com/wp-content/plugins/thrive-visual-editor/editor/css/images/flat_vSep.png]
[webinar.smartenwave.com/wp-content/plugins/thrive-visual-editor/editor/css/images/stars.png]
[webinar.smartenwave.com/wp-content/plugins/thrive-visual-editor/editor/css/images/video_frame_3.png]
[webinar.smartenwave.com/wp-content/plugins/thrive-visual-editor/editor/css/images/video_frame_4.png]
[webinar.smartenwave.com/wp-content/plugins/thrive-visual-editor/editor/css/images/video_frame_6.png]
[webinar.smartenwave.com/wp-content/plugins/thrive-visual-editor/editor/css/images/rv_style_grey_monitor_full.png]
[webinar.smartenwave.com/wp-content/plugins/thrive-visual-editor/editor/css/images/rv_style_black_monitor_full.png]
[webinar.smartenwave.com/wp-content/plugins/thrive-visual-editor/editor/css/images/rv_style_black_tablet_full.png]
[webinar.smartenwave.com/wp-content/plugins/thrive-visual-editor/editor/css/images/rv_style_white_tablet_full.png]
[webinar.smartenwave.com/wp-content/plugins/thrive-visual-editor/editor/css/images/tve_lock.png]
[webinar.smartenwave.com/wp-content/plugins/thrive-visual-editor/editor/css/images/btn_black.png]
[webinar.smartenwave.com/wp-content/plugins/thrive-visual-editor/editor/css/images/btn_blue.png]
[webinar.smartenwave.com/wp-content/plugins/thrive-visual-editor/editor/css/images/btn_green.png]
[webinar.smartenwave.com/wp-content/plugins/thrive-visual-editor/editor/css/images/btn_orange.png]
[webinar.smartenwave.com/wp-content/plugins/thrive-visual-editor/editor/css/images/btn_purple.png]
[webinar.smartenwave.com/wp-content/plugins/thrive-visual-editor/editor/css/images/btn_red.png]
[webinar.smartenwave.com/wp-content/plugins/thrive-visual-editor/editor/css/images/btn_teal.png]
[webinar.smartenwave.com/wp-content/plugins/thrive-visual-editor/editor/css/images/btn_white.png]
[webinar.smartenwave.com/wp-content/plugins/thrive-visual-editor/editor/css/images/btn_small_black.png]
[webinar.smartenwave.com/wp-content/plugins/thrive-visual-editor/editor/css/images/btn_small_blue.png]
[webinar.smartenwave.com/wp-content/plugins/thrive-visual-editor/editor/css/images/btn_small_green.png]
[webinar.smartenwave.com/wp-content/plugins/thrive-visual-editor/editor/css/images/btn_small_orange.png]
[webinar.smartenwave.com/wp-content/plugins/thrive-visual-editor/editor/css/images/btn_small_purple.png]
[webinar.smartenwave.com/wp-content/plugins/thrive-visual-editor/editor/css/images/btn_small_red.png]
[webinar.smartenwave.com/wp-content/plugins/thrive-visual-editor/editor/css/images/btn_small_teal.png]
[webinar.smartenwave.com/wp-content/plugins/thrive-visual-editor/editor/css/images/btn_small_white.png]
[webinar.smartenwave.com/wp-content/plugins/thrive-visual-editor/editor/css/images/btn_big_black.png]
[webinar.smartenwave.com/wp-content/plugins/thrive-visual-editor/editor/css/images/btn_big_blue.png]
[webinar.smartenwave.com/wp-content/plugins/thrive-visual-editor/editor/css/images/btn_big_green.png]
[webinar.smartenwave.com/wp-content/plugins/thrive-visual-editor/editor/css/images/btn_big_orange.png]
[webinar.smartenwave.com/wp-content/plugins/thrive-visual-editor/editor/css/images/btn_big_purple.png]
[webinar.smartenwave.com/wp-content/plugins/thrive-visual-editor/editor/css/images/btn_big_red.png]
[webinar.smartenwave.com/wp-content/plugins/thrive-visual-editor/editor/css/images/btn_big_teal.png]
[webinar.smartenwave.com/wp-content/plugins/thrive-visual-editor/editor/css/images/btn_big_white.png]
[webinar.smartenwave.com/wp-content/plugins/thrive-visual-editor/editor/css/images/btn_huge_black.png]
[webinar.smartenwave.com/wp-content/plugins/thrive-visual-editor/editor/css/images/btn_huge_blue.png]
[webinar.smartenwave.com/wp-content/plugins/thrive-visual-editor/editor/css/images/btn_huge_green.png]
[webinar.smartenwave.com/wp-content/plugins/thrive-visual-editor/editor/css/images/btn_huge_orange.png]
[webinar.smartenwave.com/wp-content/plugins/thrive-visual-editor/editor/css/images/btn_huge_purple.png]
[webinar.smartenwave.com/wp-content/plugins/thrive-visual-editor/editor/css/images/btn_huge_red.png]
[webinar.smartenwave.com/wp-content/plugins/thrive-visual-editor/editor/css/images/btn_huge_teal.png]
[webinar.smartenwave.com/wp-content/plugins/thrive-visual-editor/editor/css/images/btn_huge_white.png]
[webinar.smartenwave.com/wp-content/plugins/thrive-visual-editor/editor/css/images/black_s1_f.png]
[webinar.smartenwave.com/wp-content/plugins/thrive-visual-editor/editor/css/images/black_s3_f.png]
[webinar.smartenwave.com/wp-content/plugins/thrive-visual-editor/editor/css/images/blue_s1_f.png]
[webinar.smartenwave.com/wp-content/plugins/thrive-visual-editor/editor/css/images/blue_s3_f.png]
[webinar.smartenwave.com/wp-content/plugins/thrive-visual-editor/editor/css/images/green_s1_f.png]
[webinar.smartenwave.com/wp-content/plugins/thrive-visual-editor/editor/css/images/green_s3_f.png]
[webinar.smartenwave.com/wp-content/plugins/thrive-visual-editor/editor/css/images/orange_s1_f.png]
[webinar.smartenwave.com/wp-content/plugins/thrive-visual-editor/editor/css/images/orange_s3_f.png]
[webinar.smartenwave.com/wp-content/plugins/thrive-visual-editor/editor/css/images/purple_s1_f.png]
[webinar.smartenwave.com/wp-content/plugins/thrive-visual-editor/editor/css/images/purple_s3_f.png]
[webinar.smartenwave.com/wp-content/plugins/thrive-visual-editor/editor/css/images/red_s1_f.png]
[webinar.smartenwave.com/wp-content/plugins/thrive-visual-editor/editor/css/images/red_s3_f.png]
[webinar.smartenwave.com/wp-content/plugins/thrive-visual-editor/editor/css/images/teal_s1_f.png]
[webinar.smartenwave.com/wp-content/plugins/thrive-visual-editor/editor/css/images/teal_s3_f.png]
[webinar.smartenwave.com/wp-content/plugins/thrive-visual-editor/editor/css/images/white_s1_f.png]
[webinar.smartenwave.com/wp-content/plugins/thrive-visual-editor/editor/css/images/white_s3_f.png]
[webinar.smartenwave.com/wp-content/plugins/thrive-visual-editor/editor/css/images/cta_arrows.png]
[webinar.smartenwave.com/wp-content/plugins/thrive-visual-editor/editor/css/images/cta_arrow_black.png]
[webinar.smartenwave.com/wp-content/plugins/thrive-visual-editor/editor/css/images/cta_arrow_blue.png]
[webinar.smartenwave.com/wp-content/plugins/thrive-visual-editor/editor/css/images/cta_arrow_green.png]
[webinar.smartenwave.com/wp-content/plugins/thrive-visual-editor/editor/css/images/cta_arrow_orange.png]
[webinar.smartenwave.com/wp-content/plugins/thrive-visual-editor/editor/css/images/cta_arrow_purple.png]
[webinar.smartenwave.com/wp-content/plugins/thrive-visual-editor/editor/css/images/cta_arrow_red.png]
[webinar.smartenwave.com/wp-content/plugins/thrive-visual-editor/editor/css/images/cta_arrow_teal.png]
[webinar.smartenwave.com/wp-content/plugins/thrive-visual-editor/editor/css/images/cta_arrow_white.png]
[webinar.smartenwave.com/wp-content/plugins/thrive-visual-editor/editor/css/images/qc_black.png]
[webinar.smartenwave.com/wp-content/plugins/thrive-visual-editor/editor/css/images/qc_r_black.png]
[webinar.smartenwave.com/wp-content/plugins/thrive-visual-editor/editor/css/images/q_r_black.png]
[webinar.smartenwave.com/wp-content/plugins/thrive-visual-editor/editor/css/images/q_l_black.png]
[webinar.smartenwave.com/wp-content/plugins/thrive-visual-editor/editor/css/images/qc_blue.png]
[webinar.smartenwave.com/wp-content/plugins/thrive-visual-editor/editor/css/images/qc_r_blue.png]
[webinar.smartenwave.com/wp-content/plugins/thrive-visual-editor/editor/css/images/q_r_blue.png]
[webinar.smartenwave.com/wp-content/plugins/thrive-visual-editor/editor/css/images/q_l_blue.png]
[webinar.smartenwave.com/wp-content/plugins/thrive-visual-editor/editor/css/images/qc_green.png]
[webinar.smartenwave.com/wp-content/plugins/thrive-visual-editor/editor/css/images/qc_r_green.png]
[webinar.smartenwave.com/wp-content/plugins/thrive-visual-editor/editor/css/images/q_r_green.png]
[webinar.smartenwave.com/wp-content/plugins/thrive-visual-editor/editor/css/images/q_l_green.png]
[webinar.smartenwave.com/wp-content/plugins/thrive-visual-editor/editor/css/images/qc_orange.png]
[webinar.smartenwave.com/wp-content/plugins/thrive-visual-editor/editor/css/images/qc_r_orange.png]
[webinar.smartenwave.com/wp-content/plugins/thrive-visual-editor/editor/css/images/q_r_orange.png]
[webinar.smartenwave.com/wp-content/plugins/thrive-visual-editor/editor/css/images/q_l_orange.png]
[webinar.smartenwave.com/wp-content/plugins/thrive-visual-editor/editor/css/images/qc_purple.png]
[webinar.smartenwave.com/wp-content/plugins/thrive-visual-editor/editor/css/images/qc_r_purple.png]
[webinar.smartenwave.com/wp-content/plugins/thrive-visual-editor/editor/css/images/q_r_purple.png]
[webinar.smartenwave.com/wp-content/plugins/thrive-visual-editor/editor/css/images/q_l_purple.png]
[webinar.smartenwave.com/wp-content/plugins/thrive-visual-editor/editor/css/images/qc_red.png]
[webinar.smartenwave.com/wp-content/plugins/thrive-visual-editor/editor/css/images/qc_r_red.png]
[webinar.smartenwave.com/wp-content/plugins/thrive-visual-editor/editor/css/images/q_r_red.png]
[webinar.smartenwave.com/wp-content/plugins/thrive-visual-editor/editor/css/images/q_l_red.png]
[webinar.smartenwave.com/wp-content/plugins/thrive-visual-editor/editor/css/images/qc_teal.png]
[webinar.smartenwave.com/wp-content/plugins/thrive-visual-editor/editor/css/images/qc_r_teal.png]
[webinar.smartenwave.com/wp-content/plugins/thrive-visual-editor/editor/css/images/q_r_teal.png]
[webinar.smartenwave.com/wp-content/plugins/thrive-visual-editor/editor/css/images/q_l_teal.png]
[webinar.smartenwave.com/wp-content/plugins/thrive-visual-editor/editor/css/images/qc_white.png]
[webinar.smartenwave.com/wp-content/plugins/thrive-visual-editor/editor/css/images/qc_r_white.png]
[webinar.smartenwave.com/wp-content/plugins/thrive-visual-editor/editor/css/images/q_r_white.png]
[webinar.smartenwave.com/wp-content/plugins/thrive-visual-editor/editor/css/images/q_l_white.png]
[webinar.smartenwave.com/wp-content/plugins/thrive-visual-editor/editor/css/images/ul1_f_black.png]
[webinar.smartenwave.com/wp-content/plugins/thrive-visual-editor/editor/css/images/ul2_f_black.png]
[webinar.smartenwave.com/wp-content/plugins/thrive-visual-editor/editor/css/images/ul3_f_black.png]
[webinar.smartenwave.com/wp-content/plugins/thrive-visual-editor/editor/css/images/ul4_f_black.png]
[webinar.smartenwave.com/wp-content/plugins/thrive-visual-editor/editor/css/images/ul5_f_black.png]
[webinar.smartenwave.com/wp-content/plugins/thrive-visual-editor/editor/css/images/ul6_f_black.png]
[webinar.smartenwave.com/wp-content/plugins/thrive-visual-editor/editor/css/images/ul7_f_black.png]
[webinar.smartenwave.com/wp-content/plugins/thrive-visual-editor/editor/css/images/ul1_f_blue.png]
[webinar.smartenwave.com/wp-content/plugins/thrive-visual-editor/editor/css/images/ul2_f_blue.png]
[webinar.smartenwave.com/wp-content/plugins/thrive-visual-editor/editor/css/images/ul3_f_blue.png]
[webinar.smartenwave.com/wp-content/plugins/thrive-visual-editor/editor/css/images/ul4_f_blue.png]
[webinar.smartenwave.com/wp-content/plugins/thrive-visual-editor/editor/css/images/ul5_f_blue.png]
[webinar.smartenwave.com/wp-content/plugins/thrive-visual-editor/editor/css/images/ul6_f_blue.png]
[webinar.smartenwave.com/wp-content/plugins/thrive-visual-editor/editor/css/images/ul7_f_blue.png]
[webinar.smartenwave.com/wp-content/plugins/thrive-visual-editor/editor/css/images/ul1_f_green.png]
[webinar.smartenwave.com/wp-content/plugins/thrive-visual-editor/editor/css/images/ul2_f_green.png]
[webinar.smartenwave.com/wp-content/plugins/thrive-visual-editor/editor/css/images/ul3_f_green.png]
[webinar.smartenwave.com/wp-content/plugins/thrive-visual-editor/editor/css/images/ul4_f_green.png]
[webinar.smartenwave.com/wp-content/plugins/thrive-visual-editor/editor/css/images/ul5_f_green.png]
[webinar.smartenwave.com/wp-content/plugins/thrive-visual-editor/editor/css/images/ul6_f_green.png]
[webinar.smartenwave.com/wp-content/plugins/thrive-visual-editor/editor/css/images/ul7_f_green.png]
[webinar.smartenwave.com/wp-content/plugins/thrive-visual-editor/editor/css/images/ul1_f_orange.png]
[webinar.smartenwave.com/wp-content/plugins/thrive-visual-editor/editor/css/images/ul2_f_orange.png]
[webinar.smartenwave.com/wp-content/plugins/thrive-visual-editor/editor/css/images/ul3_f_orange.png]
[webinar.smartenwave.com/wp-content/plugins/thrive-visual-editor/editor/css/images/ul4_f_orange.png]
[webinar.smartenwave.com/wp-content/plugins/thrive-visual-editor/editor/css/images/ul5_f_orange.png]
[webinar.smartenwave.com/wp-content/plugins/thrive-visual-editor/editor/css/images/ul6_f_orange.png]
[webinar.smartenwave.com/wp-content/plugins/thrive-visual-editor/editor/css/images/ul7_f_orange.png]
[webinar.smartenwave.com/wp-content/plugins/thrive-visual-editor/editor/css/images/ul1_f_purple.png]
[webinar.smartenwave.com/wp-content/plugins/thrive-visual-editor/editor/css/images/ul2_f_purple.png]
[webinar.smartenwave.com/wp-content/plugins/thrive-visual-editor/editor/css/images/ul3_f_purple.png]
[webinar.smartenwave.com/wp-content/plugins/thrive-visual-editor/editor/css/images/ul4_f_purple.png]
[webinar.smartenwave.com/wp-content/plugins/thrive-visual-editor/editor/css/images/ul5_f_purple.png]
[webinar.smartenwave.com/wp-content/plugins/thrive-visual-editor/editor/css/images/ul6_f_purple.png]
[webinar.smartenwave.com/wp-content/plugins/thrive-visual-editor/editor/css/images/ul7_f_purple.png]
[webinar.smartenwave.com/wp-content/plugins/thrive-visual-editor/editor/css/images/ul1_f_red.png]
[webinar.smartenwave.com/wp-content/plugins/thrive-visual-editor/editor/css/images/ul2_f_red.png]
[webinar.smartenwave.com/wp-content/plugins/thrive-visual-editor/editor/css/images/ul3_f_red.png]
[webinar.smartenwave.com/wp-content/plugins/thrive-visual-editor/editor/css/images/ul4_f_red.png]
[webinar.smartenwave.com/wp-content/plugins/thrive-visual-editor/editor/css/images/ul5_f_red.png]
[webinar.smartenwave.com/wp-content/plugins/thrive-visual-editor/editor/css/images/ul6_f_red.png]
[webinar.smartenwave.com/wp-content/plugins/thrive-visual-editor/editor/css/images/ul7_f_red.png]
[webinar.smartenwave.com/wp-content/plugins/thrive-visual-editor/editor/css/images/ul1_f_teal.png]
[webinar.smartenwave.com/wp-content/plugins/thrive-visual-editor/editor/css/images/ul2_f_teal.png]
[webinar.smartenwave.com/wp-content/plugins/thrive-visual-editor/editor/css/images/ul3_f_teal.png]
[webinar.smartenwave.com/wp-content/plugins/thrive-visual-editor/editor/css/images/ul4_f_teal.png]
[webinar.smartenwave.com/wp-content/plugins/thrive-visual-editor/editor/css/images/ul5_f_teal.png]
[webinar.smartenwave.com/wp-content/plugins/thrive-visual-editor/editor/css/images/ul6_f_teal.png]
[webinar.smartenwave.com/wp-content/plugins/thrive-visual-editor/editor/css/images/ul7_f_teal.png]
[webinar.smartenwave.com/wp-content/plugins/thrive-visual-editor/editor/css/images/ul1_f_white.png]
[webinar.smartenwave.com/wp-content/plugins/thrive-visual-editor/editor/css/images/ul2_f_white.png]
[webinar.smartenwave.com/wp-content/plugins/thrive-visual-editor/editor/css/images/ul3_f_white.png]
[webinar.smartenwave.com/wp-content/plugins/thrive-visual-editor/editor/css/images/ul4_f_white.png]
[webinar.smartenwave.com/wp-content/plugins/thrive-visual-editor/editor/css/images/ul5_f_white.png]
[webinar.smartenwave.com/wp-content/plugins/thrive-visual-editor/editor/css/images/ul6_f_white.png]
[webinar.smartenwave.com/wp-content/plugins/thrive-visual-editor/editor/css/images/ul7_f_white.png]
[webinar.smartenwave.com/wp-content/plugins/thrive-visual-editor/editor/css/images/flat_sep2.png]
[webinar.smartenwave.com/wp-content/plugins/thrive-visual-editor/editor/css/images/flat_sep3.png]
[webinar.smartenwave.com/wp-content/plugins/thrive-visual-editor/editor/css/images/flat_sep4.png]
[webinar.smartenwave.com/wp-content/plugins/thrive-visual-editor/editor/css/images/tw.png]
[webinar.smartenwave.com/wp-content/plugins/thrive-visual-editor/editor/css/thrive_flatf2a0.css]
[webinar.smartenwave.com/wp-content/themes/twentytwentyone/style4e44.css]
[webinar.smartenwave.com/wp-content/themes/twentytwentyone/assets/css/print4e44.css]
[c0.wp.com/p/jetpack/9.6.1/modules/theme-tools/compat/twentytwentyone.css]
[c0.wp.com/p/jetpack/9.6.1/modules/carousel/images/arrows.png]
[c0.wp.com/p/jetpack/9.6.1/modules/carousel/images/arrows-2x.png]
[c0.wp.com/p/jetpack/9.6.1/modules/carousel/images/carousel-spritee4da.png]
[c0.wp.com/p/jetpack/9.6.1/modules/carousel/images/carousel-sprite-2xe4da.png]
[c0.wp.com/p/jetpack/9.6.1/modules/shortcodes/img/slideshow-controls.png]
[c0.wp.com/p/jetpack/9.6.1/modules/shortcodes/img/slideshow-controls-2x.png]
[c0.wp.com/p/jetpack/9.6.1/modules/shortcodes/images/slide-nav.png]
[c0.wp.com/p/jetpack/9.6.1/modules/shortcodes/images/expand.png]
[c0.wp.com/p/jetpack/9.6.1/modules/shortcodes/images/collapse.png]
[secure.gravatar.com/images/grav-share-sprite.png]
[c0.wp.com/p/jetpack/9.6.1/css/jetpack.css]
[webinar.smartenwave.com/wp-content/plugins/salert/assets/frontend/js/mainda20.js]
[webinar.smartenwave.com/mmc/Trident/index.html]
[www.google.com/recaptcha/apib091.js]
[webinar.smartenwave.com/wp-content/plugins/thrive-visual-editor/editor/js/dist/frontend.minf2a0.js]
[webinar.smartenwave.com/wp-content/themes/twentytwentyone/assets/js/polyfills4e44.js]
[webinar.smartenwave.com/wp-content/themes/twentytwentyone/assets/js/responsive-embeds4e44.js]
[webinar.smartenwave.com/wp-content/plugins/thrive-visual-editor/thrive-dashboard/js/dist/frontend.min0605.js]
[webinar.smartenwave.com/wp-content/plugins/thrive-visual-editor/editor/css/fonts/thrvicomoon/icomoonf2e9.svg]
